<?xml version="1.0" encoding="ISO-8859-1" ?>
<link_info>
   <banner>MSP430 Linker PC v20.12.0.STS</banner>
   <copyright>Copyright (c) 2003-2018 Texas Instruments Incorporated</copyright>
   <link_time>0x60367885</link_time>
   <link_errors>0x0</link_errors>
   <output_file>smoke-detector.out</output_file>
   <entry_point>
      <name>_c_int00_noargs</name>
      <address>0xf60c</address>
   </entry_point>
   <input_file_list>
      <input_file id="fl-2">
         <path>.\</path>
         <kind>object</kind>
         <file>adc.obj</file>
         <name>adc.obj</name>
      </input_file>
      <input_file id="fl-3">
         <path>.\</path>
         <kind>object</kind>
         <file>alarm.obj</file>
         <name>alarm.obj</name>
      </input_file>
      <input_file id="fl-4">
         <path>.\</path>
         <kind>object</kind>
         <file>button.obj</file>
         <name>button.obj</name>
      </input_file>
      <input_file id="fl-5">
         <path>.\</path>
         <kind>object</kind>
         <file>buzzer.obj</file>
         <name>buzzer.obj</name>
      </input_file>
      <input_file id="fl-6">
         <path>.\</path>
         <kind>object</kind>
         <file>clock.obj</file>
         <name>clock.obj</name>
      </input_file>
      <input_file id="fl-7">
         <path>.\</path>
         <kind>object</kind>
         <file>led.obj</file>
         <name>led.obj</name>
      </input_file>
      <input_file id="fl-8">
         <path>.\</path>
         <kind>object</kind>
         <file>main.obj</file>
         <name>main.obj</name>
      </input_file>
      <input_file id="fl-9">
         <path>.\</path>
         <kind>object</kind>
         <file>timer.obj</file>
         <name>timer.obj</name>
      </input_file>
      <input_file id="fl-a">
         <path>.\</path>
         <kind>object</kind>
         <file>uart.obj</file>
         <name>uart.obj</name>
      </input_file>
      <input_file id="fl-b">
         <path>.\</path>
         <kind>object</kind>
         <file>watchdog.obj</file>
         <name>watchdog.obj</name>
      </input_file>
      <input_file id="fl-c">
         <path>.\</path>
         <kind>object</kind>
         <file>zigbee.obj</file>
         <name>zigbee.obj</name>
      </input_file>
      <input_file id="fl-11">
         <kind>object</kind>
         <file>&lt;internal&gt;</file>
         <name>&lt;internal&gt;</name>
      </input_file>
      <input_file id="fl-27">
         <path>C:\ti\ccs1020\ccs\tools\compiler\ti-cgt-msp430_20.12.0.STS\lib\</path>
         <kind>archive</kind>
         <file>rts430x_lc_sd_eabi.lib</file>
         <name>div16u.asm.obj</name>
      </input_file>
      <input_file id="fl-28">
         <path>C:\ti\ccs1020\ccs\tools\compiler\ti-cgt-msp430_20.12.0.STS\lib\</path>
         <kind>archive</kind>
         <file>rts430x_lc_sd_eabi.lib</file>
         <name>int45.asm.obj</name>
      </input_file>
      <input_file id="fl-29">
         <path>C:\ti\ccs1020\ccs\tools\compiler\ti-cgt-msp430_20.12.0.STS\lib\</path>
         <kind>archive</kind>
         <file>rts430x_lc_sd_eabi.lib</file>
         <name>int46.asm.obj</name>
      </input_file>
      <input_file id="fl-2a">
         <path>C:\ti\ccs1020\ccs\tools\compiler\ti-cgt-msp430_20.12.0.STS\lib\</path>
         <kind>archive</kind>
         <file>rts430x_lc_sd_eabi.lib</file>
         <name>int49.asm.obj</name>
      </input_file>
      <input_file id="fl-2b">
         <path>C:\ti\ccs1020\ccs\tools\compiler\ti-cgt-msp430_20.12.0.STS\lib\</path>
         <kind>archive</kind>
         <file>rts430x_lc_sd_eabi.lib</file>
         <name>int51.asm.obj</name>
      </input_file>
      <input_file id="fl-2c">
         <path>C:\ti\ccs1020\ccs\tools\compiler\ti-cgt-msp430_20.12.0.STS\lib\</path>
         <kind>archive</kind>
         <file>rts430x_lc_sd_eabi.lib</file>
         <name>int52.asm.obj</name>
      </input_file>
      <input_file id="fl-2d">
         <path>C:\ti\ccs1020\ccs\tools\compiler\ti-cgt-msp430_20.12.0.STS\lib\</path>
         <kind>archive</kind>
         <file>rts430x_lc_sd_eabi.lib</file>
         <name>int53.asm.obj</name>
      </input_file>
      <input_file id="fl-2e">
         <path>C:\ti\ccs1020\ccs\tools\compiler\ti-cgt-msp430_20.12.0.STS\lib\</path>
         <kind>archive</kind>
         <file>rts430x_lc_sd_eabi.lib</file>
         <name>int55.asm.obj</name>
      </input_file>
      <input_file id="fl-2f">
         <path>C:\ti\ccs1020\ccs\tools\compiler\ti-cgt-msp430_20.12.0.STS\lib\</path>
         <kind>archive</kind>
         <file>rts430x_lc_sd_eabi.lib</file>
         <name>int57.asm.obj</name>
      </input_file>
      <input_file id="fl-30">
         <path>C:\ti\ccs1020\ccs\tools\compiler\ti-cgt-msp430_20.12.0.STS\lib\</path>
         <kind>archive</kind>
         <file>rts430x_lc_sd_eabi.lib</file>
         <name>int58.asm.obj</name>
      </input_file>
      <input_file id="fl-31">
         <path>C:\ti\ccs1020\ccs\tools\compiler\ti-cgt-msp430_20.12.0.STS\lib\</path>
         <kind>archive</kind>
         <file>rts430x_lc_sd_eabi.lib</file>
         <name>isr_trap.asm.obj</name>
      </input_file>
      <input_file id="fl-32">
         <path>C:\ti\ccs1020\ccs\tools\compiler\ti-cgt-msp430_20.12.0.STS\lib\</path>
         <kind>archive</kind>
         <file>rts430x_lc_sd_eabi.lib</file>
         <name>boot.c.obj</name>
      </input_file>
      <input_file id="fl-33">
         <path>C:\ti\ccs1020\ccs\tools\compiler\ti-cgt-msp430_20.12.0.STS\lib\</path>
         <kind>archive</kind>
         <file>rts430x_lc_sd_eabi.lib</file>
         <name>autoinit.c.obj</name>
      </input_file>
      <input_file id="fl-34">
         <path>C:\ti\ccs1020\ccs\tools\compiler\ti-cgt-msp430_20.12.0.STS\lib\</path>
         <kind>archive</kind>
         <file>rts430x_lc_sd_eabi.lib</file>
         <name>copy_zero_init.c.obj</name>
      </input_file>
      <input_file id="fl-35">
         <path>C:\ti\ccs1020\ccs\tools\compiler\ti-cgt-msp430_20.12.0.STS\lib\</path>
         <kind>archive</kind>
         <file>rts430x_lc_sd_eabi.lib</file>
         <name>cpy_tbl.c.obj</name>
      </input_file>
      <input_file id="fl-36">
         <path>C:\ti\ccs1020\ccs\tools\compiler\ti-cgt-msp430_20.12.0.STS\lib\</path>
         <kind>archive</kind>
         <file>rts430x_lc_sd_eabi.lib</file>
         <name>mpu_init.c.obj</name>
      </input_file>
      <input_file id="fl-37">
         <path>C:\ti\ccs1020\ccs\tools\compiler\ti-cgt-msp430_20.12.0.STS\lib\</path>
         <kind>archive</kind>
         <file>rts430x_lc_sd_eabi.lib</file>
         <name>pre_init.c.obj</name>
      </input_file>
      <input_file id="fl-38">
         <path>C:\ti\ccs1020\ccs\tools\compiler\ti-cgt-msp430_20.12.0.STS\lib\</path>
         <kind>archive</kind>
         <file>rts430x_lc_sd_eabi.lib</file>
         <name>startup.c.obj</name>
      </input_file>
      <input_file id="fl-39">
         <path>C:\ti\ccs1020\ccs\tools\compiler\ti-cgt-msp430_20.12.0.STS\lib\</path>
         <kind>archive</kind>
         <file>rts430x_lc_sd_eabi.lib</file>
         <name>copy_decompress_none.c.obj</name>
      </input_file>
      <input_file id="fl-3a">
         <path>C:\ti\ccs1020\ccs\tools\compiler\ti-cgt-msp430_20.12.0.STS\lib\</path>
         <kind>archive</kind>
         <file>rts430x_lc_sd_eabi.lib</file>
         <name>copy_decompress_lzss.c.obj</name>
      </input_file>
      <input_file id="fl-3b">
         <path>C:\ti\ccs1020\ccs\tools\compiler\ti-cgt-msp430_20.12.0.STS\lib\</path>
         <kind>archive</kind>
         <file>rts430x_lc_sd_eabi.lib</file>
         <name>exit.c.obj</name>
      </input_file>
      <input_file id="fl-3c">
         <path>C:\ti\ccs1020\ccs\tools\compiler\ti-cgt-msp430_20.12.0.STS\lib\</path>
         <kind>archive</kind>
         <file>rts430x_lc_sd_eabi.lib</file>
         <name>_lock.c.obj</name>
      </input_file>
      <input_file id="fl-3d">
         <path>C:\ti\ccs1020\ccs\tools\compiler\ti-cgt-msp430_20.12.0.STS\lib\</path>
         <kind>archive</kind>
         <file>rts430x_lc_sd_eabi.lib</file>
         <name>args_main.c.obj</name>
      </input_file>
      <input_file id="fl-3e">
         <path>C:\ti\ccs1020\ccs\tools\compiler\ti-cgt-msp430_20.12.0.STS\lib\</path>
         <kind>archive</kind>
         <file>rts430x_lc_sd_eabi.lib</file>
         <name>memcpy.c.obj</name>
      </input_file>
      <input_file id="fl-3f">
         <path>C:\ti\ccs1020\ccs\tools\compiler\ti-cgt-msp430_20.12.0.STS\lib\</path>
         <kind>archive</kind>
         <file>rts430x_lc_sd_eabi.lib</file>
         <name>strncmp.c.obj</name>
      </input_file>
      <input_file id="fl-40">
         <path>C:\ti\ccs1020\ccs\tools\compiler\ti-cgt-msp430_20.12.0.STS\lib\</path>
         <kind>archive</kind>
         <file>rts430x_lc_sd_eabi.lib</file>
         <name>cpy_util.asm.obj</name>
      </input_file>
      <input_file id="fl-41">
         <path>C:\ti\ccs1020\ccs\tools\compiler\ti-cgt-msp430_20.12.0.STS\lib\</path>
         <kind>archive</kind>
         <file>rts430x_lc_sd_eabi.lib</file>
         <name>mult16.asm.obj</name>
      </input_file>
      <input_file id="fl-42">
         <path>C:\ti\ccs1020\ccs\tools\compiler\ti-cgt-msp430_20.12.0.STS\lib\</path>
         <kind>archive</kind>
         <file>rts430x_lc_sd_eabi.lib</file>
         <name>exit_gvars.c.obj</name>
      </input_file>
   </input_file_list>
   <object_component_list>
      <object_component id="oc-517">
         <name>.cinit..bss.load</name>
         <load_address>0xf100</load_address>
         <run_address>0xf100</run_address>
         <size>0x6</size>
      </object_component>
      <object_component id="oc-515">
         <name>__TI_handler_table</name>
         <load_address>0xf106</load_address>
         <run_address>0xf106</run_address>
         <size>0x4</size>
      </object_component>
      <object_component id="oc-516">
         <name>__TI_cinit_table</name>
         <load_address>0xf10a</load_address>
         <run_address>0xf10a</run_address>
         <size>0x8</size>
      </object_component>
      <object_component id="oc-4ad">
         <name>.binit</name>
         <load_address>0xf112</load_address>
         <run_address>0xf112</run_address>
         <size>0x0</size>
      </object_component>
      <object_component id="oc-33b">
         <name>.const:.string</name>
         <load_address>0xf112</load_address>
         <run_address>0xf112</run_address>
         <size>0x3e</size>
         <input_file_ref idref="fl-c"/>
      </object_component>
      <object_component id="oc-3ec">
         <name>.text:software_trim</name>
         <load_address>0xf150</load_address>
         <run_address>0xf150</run_address>
         <size>0xbe</size>
         <input_file_ref idref="fl-6"/>
      </object_component>
      <object_component id="oc-394">
         <name>.text:__TI_auto_init_nobinit_nopinit_hold_wdt:__TI_auto_init_nobinit_nopinit_hold_wdt</name>
         <load_address>0xf20e</load_address>
         <run_address>0xf20e</run_address>
         <size>0x6a</size>
         <input_file_ref idref="fl-33"/>
      </object_component>
      <object_component id="oc-2e1">
         <name>.text:uart_newline_callback</name>
         <load_address>0xf278</load_address>
         <run_address>0xf278</run_address>
         <size>0x5e</size>
         <input_file_ref idref="fl-c"/>
      </object_component>
      <object_component id="oc-355">
         <name>.text:alarm_loop</name>
         <load_address>0xf2d6</load_address>
         <run_address>0xf2d6</run_address>
         <size>0x44</size>
         <input_file_ref idref="fl-3"/>
      </object_component>
      <object_component id="oc-282">
         <name>.text:decompress:ZI:__TI_zero_init_nomemset:__TI_zero_init_nomemset</name>
         <load_address>0xf31a</load_address>
         <run_address>0xf31a</run_address>
         <size>0x3e</size>
         <input_file_ref idref="fl-34"/>
      </object_component>
      <object_component id="oc-410">
         <name>.text:adc_init</name>
         <load_address>0xf358</load_address>
         <run_address>0xf358</run_address>
         <size>0x3a</size>
         <input_file_ref idref="fl-2"/>
      </object_component>
      <object_component id="oc-3e6">
         <name>.text:clock_1mhz_init</name>
         <load_address>0xf392</load_address>
         <run_address>0xf392</run_address>
         <size>0x2c</size>
         <input_file_ref idref="fl-6"/>
      </object_component>
      <object_component id="oc-363">
         <name>.text:setup</name>
         <load_address>0xf3be</load_address>
         <run_address>0xf3be</run_address>
         <size>0x2a</size>
         <input_file_ref idref="fl-8"/>
      </object_component>
      <object_component id="oc-33c">
         <name>.text:strncmp</name>
         <load_address>0xf3e8</load_address>
         <run_address>0xf3e8</run_address>
         <size>0x2a</size>
         <input_file_ref idref="fl-3f"/>
      </object_component>
      <object_component id="oc-404">
         <name>.text:uart_38400bps_init</name>
         <load_address>0xf412</load_address>
         <run_address>0xf412</run_address>
         <size>0x2a</size>
         <input_file_ref idref="fl-a"/>
      </object_component>
      <object_component id="oc-348">
         <name>.text:zigbee_send</name>
         <load_address>0xf43c</load_address>
         <run_address>0xf43c</run_address>
         <size>0x26</size>
         <input_file_ref idref="fl-c"/>
      </object_component>
      <object_component id="oc-40a">
         <name>.text:buzzer_init</name>
         <load_address>0xf462</load_address>
         <run_address>0xf462</run_address>
         <size>0x1e</size>
         <input_file_ref idref="fl-5"/>
      </object_component>
      <object_component id="oc-309">
         <name>.text:main</name>
         <load_address>0xf480</load_address>
         <run_address>0xf480</run_address>
         <size>0x1c</size>
         <input_file_ref idref="fl-8"/>
      </object_component>
      <object_component id="oc-3f8">
         <name>.text:timer_500ms_init</name>
         <load_address>0xf49c</load_address>
         <run_address>0xf49c</run_address>
         <size>0x18</size>
         <input_file_ref idref="fl-9"/>
      </object_component>
      <object_component id="oc-416">
         <name>.text:button_init</name>
         <load_address>0xf4b4</load_address>
         <run_address>0xf4b4</run_address>
         <size>0x16</size>
         <input_file_ref idref="fl-4"/>
      </object_component>
      <object_component id="oc-369">
         <name>.text:ir_on</name>
         <load_address>0xf4ca</load_address>
         <run_address>0xf4ca</run_address>
         <size>0x14</size>
         <input_file_ref idref="fl-7"/>
      </object_component>
      <object_component id="oc-3fe">
         <name>.text:led_off</name>
         <load_address>0xf4de</load_address>
         <run_address>0xf4de</run_address>
         <size>0x14</size>
         <input_file_ref idref="fl-7"/>
      </object_component>
      <object_component id="oc-3f2">
         <name>.text:watchdog_init</name>
         <load_address>0xf4f2</load_address>
         <run_address>0xf4f2</run_address>
         <size>0x14</size>
         <input_file_ref idref="fl-b"/>
      </object_component>
      <object_component id="oc-3d2">
         <name>.text:buzzer_off</name>
         <load_address>0xf506</load_address>
         <run_address>0xf506</run_address>
         <size>0x12</size>
         <input_file_ref idref="fl-5"/>
      </object_component>
      <object_component id="oc-3de">
         <name>.text:buzzer_on</name>
         <load_address>0xf518</load_address>
         <run_address>0xf518</run_address>
         <size>0x12</size>
         <input_file_ref idref="fl-5"/>
      </object_component>
      <object_component id="oc-3c3">
         <name>.text:uart_print</name>
         <load_address>0xf52a</load_address>
         <run_address>0xf52a</run_address>
         <size>0x12</size>
         <input_file_ref idref="fl-a"/>
      </object_component>
      <object_component id="oc-2d6">
         <name>.text:adc_sample_callback</name>
         <load_address>0xf53c</load_address>
         <run_address>0xf53c</run_address>
         <size>0xc</size>
         <input_file_ref idref="fl-8"/>
      </object_component>
      <object_component id="oc-3c9">
         <name>.text:uart_putchar</name>
         <load_address>0xf548</load_address>
         <run_address>0xf548</run_address>
         <size>0xc</size>
         <input_file_ref idref="fl-a"/>
      </object_component>
      <object_component id="oc-331">
         <name>.text:alarm_on</name>
         <load_address>0xf554</load_address>
         <run_address>0xf554</run_address>
         <size>0xa</size>
         <input_file_ref idref="fl-3"/>
      </object_component>
      <object_component id="oc-2f5">
         <name>.text:timer_500ms_callback</name>
         <load_address>0xf55e</load_address>
         <run_address>0xf55e</run_address>
         <size>0xa</size>
         <input_file_ref idref="fl-8"/>
      </object_component>
      <object_component id="oc-3b3">
         <name>.text:zigbee_send_alarm</name>
         <load_address>0xf568</load_address>
         <run_address>0xf568</run_address>
         <size>0xa</size>
         <input_file_ref idref="fl-c"/>
      </object_component>
      <object_component id="oc-35b">
         <name>.text:adc_sample</name>
         <load_address>0xf572</load_address>
         <run_address>0xf572</run_address>
         <size>0x8</size>
         <input_file_ref idref="fl-2"/>
      </object_component>
      <object_component id="oc-2ec">
         <name>.text:watchdog_clear</name>
         <load_address>0xf57a</load_address>
         <run_address>0xf57a</run_address>
         <size>0x8</size>
         <input_file_ref idref="fl-b"/>
      </object_component>
      <object_component id="oc-370">
         <name>.text:abort</name>
         <load_address>0xf582</load_address>
         <run_address>0xf582</run_address>
         <size>0x6</size>
         <input_file_ref idref="fl-3b"/>
      </object_component>
      <object_component id="oc-32a">
         <name>.text:alarm_off</name>
         <load_address>0xf588</load_address>
         <run_address>0xf588</run_address>
         <size>0x6</size>
         <input_file_ref idref="fl-3"/>
      </object_component>
      <object_component id="oc-342">
         <name>.text:alarm_test</name>
         <load_address>0xf58e</load_address>
         <run_address>0xf58e</run_address>
         <size>0x6</size>
         <input_file_ref idref="fl-3"/>
      </object_component>
      <object_component id="oc-2cf">
         <name>.text:button_pressed_callback</name>
         <load_address>0xf594</load_address>
         <run_address>0xf594</run_address>
         <size>0x6</size>
         <input_file_ref idref="fl-8"/>
      </object_component>
      <object_component id="oc-2c9">
         <name>.text:button_released_callback</name>
         <load_address>0xf59a</load_address>
         <run_address>0xf59a</run_address>
         <size>0x6</size>
         <input_file_ref idref="fl-8"/>
      </object_component>
      <object_component id="oc-3d8">
         <name>.text:buzzer_status</name>
         <load_address>0xf5a0</load_address>
         <run_address>0xf5a0</run_address>
         <size>0x6</size>
         <input_file_ref idref="fl-5"/>
      </object_component>
      <object_component id="oc-303">
         <name>.text:_system_pre_init</name>
         <load_address>0xf5a6</load_address>
         <run_address>0xf5a6</run_address>
         <size>0x4</size>
         <input_file_ref idref="fl-37"/>
      </object_component>
      <object_component id="oc-430">
         <name>.text:_system_post_cinit</name>
         <load_address>0xf5aa</load_address>
         <run_address>0xf5aa</run_address>
         <size>0x2</size>
         <input_file_ref idref="fl-38"/>
      </object_component>
      <object_component id="oc-270">
         <name>.text:_isr:USCI_A0_ISR</name>
         <load_address>0xf5ac</load_address>
         <run_address>0xf5ac</run_address>
         <size>0x3e</size>
         <input_file_ref idref="fl-a"/>
      </object_component>
      <object_component id="oc-264">
         <name>.text:_isr:P1_ISR</name>
         <load_address>0xf5ea</load_address>
         <run_address>0xf5ea</run_address>
         <size>0x22</size>
         <input_file_ref idref="fl-4"/>
      </object_component>
      <object_component id="oc-294">
         <name>.text:_isr:_c_int00_noargs</name>
         <load_address>0xf60c</load_address>
         <run_address>0xf60c</run_address>
         <size>0x1c</size>
         <input_file_ref idref="fl-32"/>
      </object_component>
      <object_component id="oc-27c">
         <name>.text:_isr:Timer0_B0_ISR</name>
         <load_address>0xf628</load_address>
         <run_address>0xf628</run_address>
         <size>0x1a</size>
         <input_file_ref idref="fl-9"/>
      </object_component>
      <object_component id="oc-26a">
         <name>.text:_isr:ADC_ISR</name>
         <load_address>0xf642</load_address>
         <run_address>0xf642</run_address>
         <size>0x16</size>
         <input_file_ref idref="fl-2"/>
      </object_component>
      <object_component id="oc-276">
         <name>.text:_isr:Timer1_B0_ISR</name>
         <load_address>0xf658</load_address>
         <run_address>0xf658</run_address>
         <size>0x8</size>
         <input_file_ref idref="fl-5"/>
      </object_component>
      <object_component id="oc-25f">
         <name>.text:_isr:__TI_ISR_TRAP</name>
         <load_address>0xf660</load_address>
         <run_address>0xf660</run_address>
         <size>0x8</size>
         <input_file_ref idref="fl-31"/>
      </object_component>
      <object_component id="oc-458">
         <name>.bss</name>
         <uninitialized>true</uninitialized>
         <run_address>0x2020</run_address>
         <size>0x2</size>
         <input_file_ref idref="fl-5"/>
      </object_component>
      <object_component id="oc-3c1">
         <name>.common:test</name>
         <uninitialized>true</uninitialized>
         <run_address>0x2025</run_address>
         <size>0x1</size>
      </object_component>
      <object_component id="oc-3af">
         <name>.common:alarm</name>
         <uninitialized>true</uninitialized>
         <run_address>0x2024</run_address>
         <size>0x1</size>
      </object_component>
      <object_component id="oc-2f2">
         <name>.common:timer_500ms_enabled</name>
         <uninitialized>true</uninitialized>
         <run_address>0x2026</run_address>
         <size>0x1</size>
      </object_component>
      <object_component id="oc-2dd">
         <name>.common:rxbuf_size</name>
         <uninitialized>true</uninitialized>
         <run_address>0x2022</run_address>
         <size>0x2</size>
      </object_component>
      <object_component id="oc-2e0">
         <name>.common:rxbuf</name>
         <uninitialized>true</uninitialized>
         <run_address>0x2000</run_address>
         <size>0x20</size>
      </object_component>
      <object_component id="oc-2e9">
         <name>.common:watchdog_enabled</name>
         <uninitialized>true</uninitialized>
         <run_address>0x2027</run_address>
         <size>0x1</size>
      </object_component>
      <object_component id="oc-244">
         <name>.stack</name>
         <uninitialized>true</uninitialized>
         <run_address>0x2360</run_address>
         <size>0x2</size>
         <input_file_ref idref="fl-32"/>
      </object_component>
      <object_component id="oc-518">
         <name>.stack</name>
         <uninitialized>true</uninitialized>
         <run_address>0x2360</run_address>
         <size>0x0</size>
      </object_component>
      <object_component id="oc-70">
         <name>.int45</name>
         <load_address>0xffe2</load_address>
         <run_address>0xffe2</run_address>
         <size>0x2</size>
         <input_file_ref idref="fl-28"/>
      </object_component>
      <object_component id="oc-71">
         <name>.int46</name>
         <load_address>0xffe4</load_address>
         <run_address>0xffe4</run_address>
         <size>0x2</size>
         <input_file_ref idref="fl-29"/>
      </object_component>
      <object_component id="oc-72">
         <name>.int47</name>
         <load_address>0xffe6</load_address>
         <run_address>0xffe6</run_address>
         <size>0x2</size>
         <input_file_ref idref="fl-4"/>
      </object_component>
      <object_component id="oc-73">
         <name>.int48</name>
         <load_address>0xffe8</load_address>
         <run_address>0xffe8</run_address>
         <size>0x2</size>
         <input_file_ref idref="fl-2"/>
      </object_component>
      <object_component id="oc-74">
         <name>.int49</name>
         <load_address>0xffea</load_address>
         <run_address>0xffea</run_address>
         <size>0x2</size>
         <input_file_ref idref="fl-2a"/>
      </object_component>
      <object_component id="oc-75">
         <name>.int50</name>
         <load_address>0xffec</load_address>
         <run_address>0xffec</run_address>
         <size>0x2</size>
         <input_file_ref idref="fl-a"/>
      </object_component>
      <object_component id="oc-76">
         <name>.int51</name>
         <load_address>0xffee</load_address>
         <run_address>0xffee</run_address>
         <size>0x2</size>
         <input_file_ref idref="fl-2b"/>
      </object_component>
      <object_component id="oc-77">
         <name>.int52</name>
         <load_address>0xfff0</load_address>
         <run_address>0xfff0</run_address>
         <size>0x2</size>
         <input_file_ref idref="fl-2c"/>
      </object_component>
      <object_component id="oc-78">
         <name>.int53</name>
         <load_address>0xfff2</load_address>
         <run_address>0xfff2</run_address>
         <size>0x2</size>
         <input_file_ref idref="fl-2d"/>
      </object_component>
      <object_component id="oc-79">
         <name>.int54</name>
         <load_address>0xfff4</load_address>
         <run_address>0xfff4</run_address>
         <size>0x2</size>
         <input_file_ref idref="fl-5"/>
      </object_component>
      <object_component id="oc-7a">
         <name>.int55</name>
         <load_address>0xfff6</load_address>
         <run_address>0xfff6</run_address>
         <size>0x2</size>
         <input_file_ref idref="fl-2e"/>
      </object_component>
      <object_component id="oc-7b">
         <name>.int56</name>
         <load_address>0xfff8</load_address>
         <run_address>0xfff8</run_address>
         <size>0x2</size>
         <input_file_ref idref="fl-9"/>
      </object_component>
      <object_component id="oc-7c">
         <name>.int57</name>
         <load_address>0xfffa</load_address>
         <run_address>0xfffa</run_address>
         <size>0x2</size>
         <input_file_ref idref="fl-2f"/>
      </object_component>
      <object_component id="oc-7d">
         <name>.int58</name>
         <load_address>0xfffc</load_address>
         <run_address>0xfffc</run_address>
         <size>0x2</size>
         <input_file_ref idref="fl-30"/>
      </object_component>
      <object_component id="oc-247">
         <name>.reset</name>
         <load_address>0xfffe</load_address>
         <run_address>0xfffe</run_address>
         <size>0x2</size>
         <input_file_ref idref="fl-32"/>
      </object_component>
      <object_component id="oc-35c">
         <name>.debug_info</name>
         <load_address>0x0</load_address>
         <run_address>0x0</run_address>
         <size>0x100</size>
         <input_file_ref idref="fl-2"/>
      </object_component>
      <object_component id="oc-411">
         <name>.debug_info</name>
         <load_address>0x100</load_address>
         <run_address>0x100</run_address>
         <size>0xfc</size>
         <input_file_ref idref="fl-2"/>
      </object_component>
      <object_component id="oc-26b">
         <name>.debug_info</name>
         <load_address>0x1fc</load_address>
         <run_address>0x1fc</run_address>
         <size>0x115</size>
         <input_file_ref idref="fl-2"/>
      </object_component>
      <object_component id="oc-24e">
         <name>.debug_info</name>
         <load_address>0x311</load_address>
         <run_address>0x311</run_address>
         <size>0x84</size>
         <input_file_ref idref="fl-2"/>
      </object_component>
      <object_component id="oc-3b0">
         <name>.debug_info</name>
         <load_address>0x395</load_address>
         <run_address>0x395</run_address>
         <size>0x1e9</size>
         <input_file_ref idref="fl-3"/>
      </object_component>
      <object_component id="oc-343">
         <name>.debug_info</name>
         <load_address>0x57e</load_address>
         <run_address>0x57e</run_address>
         <size>0x106</size>
         <input_file_ref idref="fl-3"/>
      </object_component>
      <object_component id="oc-335">
         <name>.debug_info</name>
         <load_address>0x684</load_address>
         <run_address>0x684</run_address>
         <size>0x11a</size>
         <input_file_ref idref="fl-3"/>
      </object_component>
      <object_component id="oc-32d">
         <name>.debug_info</name>
         <load_address>0x79e</load_address>
         <run_address>0x79e</run_address>
         <size>0x104</size>
         <input_file_ref idref="fl-3"/>
      </object_component>
      <object_component id="oc-356">
         <name>.debug_info</name>
         <load_address>0x8a2</load_address>
         <run_address>0x8a2</run_address>
         <size>0x185</size>
         <input_file_ref idref="fl-3"/>
      </object_component>
      <object_component id="oc-417">
         <name>.debug_info</name>
         <load_address>0xa27</load_address>
         <run_address>0xa27</run_address>
         <size>0x10b</size>
         <input_file_ref idref="fl-4"/>
      </object_component>
      <object_component id="oc-265">
         <name>.debug_info</name>
         <load_address>0xb32</load_address>
         <run_address>0xb32</run_address>
         <size>0x13f</size>
         <input_file_ref idref="fl-4"/>
      </object_component>
      <object_component id="oc-459">
         <name>.debug_info</name>
         <load_address>0xc71</load_address>
         <run_address>0xc71</run_address>
         <size>0xd2</size>
         <input_file_ref idref="fl-5"/>
      </object_component>
      <object_component id="oc-3d9">
         <name>.debug_info</name>
         <load_address>0xd43</load_address>
         <run_address>0xd43</run_address>
         <size>0x113</size>
         <input_file_ref idref="fl-5"/>
      </object_component>
      <object_component id="oc-3e0">
         <name>.debug_info</name>
         <load_address>0xe56</load_address>
         <run_address>0xe56</run_address>
         <size>0x107</size>
         <input_file_ref idref="fl-5"/>
      </object_component>
      <object_component id="oc-3d4">
         <name>.debug_info</name>
         <load_address>0xf5d</load_address>
         <run_address>0xf5d</run_address>
         <size>0x109</size>
         <input_file_ref idref="fl-5"/>
      </object_component>
      <object_component id="oc-40b">
         <name>.debug_info</name>
         <load_address>0x1066</load_address>
         <run_address>0x1066</run_address>
         <size>0x10b</size>
         <input_file_ref idref="fl-5"/>
      </object_component>
      <object_component id="oc-277">
         <name>.debug_info</name>
         <load_address>0x1171</load_address>
         <run_address>0x1171</run_address>
         <size>0x110</size>
         <input_file_ref idref="fl-5"/>
      </object_component>
      <object_component id="oc-3ee">
         <name>.debug_info</name>
         <load_address>0x1281</load_address>
         <run_address>0x1281</run_address>
         <size>0x22c</size>
         <input_file_ref idref="fl-6"/>
      </object_component>
      <object_component id="oc-3e9">
         <name>.debug_info</name>
         <load_address>0x14ad</load_address>
         <run_address>0x14ad</run_address>
         <size>0x110</size>
         <input_file_ref idref="fl-6"/>
      </object_component>
      <object_component id="oc-400">
         <name>.debug_info</name>
         <load_address>0x15bd</load_address>
         <run_address>0x15bd</run_address>
         <size>0xfa</size>
         <input_file_ref idref="fl-7"/>
      </object_component>
      <object_component id="oc-36d">
         <name>.debug_info</name>
         <load_address>0x16b7</load_address>
         <run_address>0x16b7</run_address>
         <size>0xf6</size>
         <input_file_ref idref="fl-7"/>
      </object_component>
      <object_component id="oc-2f8">
         <name>.debug_info</name>
         <load_address>0x17ad</load_address>
         <run_address>0x17ad</run_address>
         <size>0x139</size>
         <input_file_ref idref="fl-8"/>
      </object_component>
      <object_component id="oc-364">
         <name>.debug_info</name>
         <load_address>0x18e6</load_address>
         <run_address>0x18e6</run_address>
         <size>0x1b7</size>
         <input_file_ref idref="fl-8"/>
      </object_component>
      <object_component id="oc-30c">
         <name>.debug_info</name>
         <load_address>0x1a9d</load_address>
         <run_address>0x1a9d</run_address>
         <size>0x113</size>
         <input_file_ref idref="fl-8"/>
      </object_component>
      <object_component id="oc-2cc">
         <name>.debug_info</name>
         <load_address>0x1bb0</load_address>
         <run_address>0x1bb0</run_address>
         <size>0x12f</size>
         <input_file_ref idref="fl-8"/>
      </object_component>
      <object_component id="oc-2d0">
         <name>.debug_info</name>
         <load_address>0x1cdf</load_address>
         <run_address>0x1cdf</run_address>
         <size>0x12c</size>
         <input_file_ref idref="fl-8"/>
      </object_component>
      <object_component id="oc-2d8">
         <name>.debug_info</name>
         <load_address>0x1e0b</load_address>
         <run_address>0x1e0b</run_address>
         <size>0x15a</size>
         <input_file_ref idref="fl-8"/>
      </object_component>
      <object_component id="oc-2f3">
         <name>.debug_info</name>
         <load_address>0x1f65</load_address>
         <run_address>0x1f65</run_address>
         <size>0x221</size>
         <input_file_ref idref="fl-9"/>
      </object_component>
      <object_component id="oc-3fb">
         <name>.debug_info</name>
         <load_address>0x2186</load_address>
         <run_address>0x2186</run_address>
         <size>0x112</size>
         <input_file_ref idref="fl-9"/>
      </object_component>
      <object_component id="oc-280">
         <name>.debug_info</name>
         <load_address>0x2298</load_address>
         <run_address>0x2298</run_address>
         <size>0x13d</size>
         <input_file_ref idref="fl-9"/>
      </object_component>
      <object_component id="oc-2de">
         <name>.debug_info</name>
         <load_address>0x23d5</load_address>
         <run_address>0x23d5</run_address>
         <size>0x2f6</size>
         <input_file_ref idref="fl-a"/>
      </object_component>
      <object_component id="oc-3cb">
         <name>.debug_info</name>
         <load_address>0x26cb</load_address>
         <run_address>0x26cb</run_address>
         <size>0x11d</size>
         <input_file_ref idref="fl-a"/>
      </object_component>
      <object_component id="oc-3c6">
         <name>.debug_info</name>
         <load_address>0x27e8</load_address>
         <run_address>0x27e8</run_address>
         <size>0x13f</size>
         <input_file_ref idref="fl-a"/>
      </object_component>
      <object_component id="oc-406">
         <name>.debug_info</name>
         <load_address>0x2927</load_address>
         <run_address>0x2927</run_address>
         <size>0x113</size>
         <input_file_ref idref="fl-a"/>
      </object_component>
      <object_component id="oc-271">
         <name>.debug_info</name>
         <load_address>0x2a3a</load_address>
         <run_address>0x2a3a</run_address>
         <size>0x122</size>
         <input_file_ref idref="fl-a"/>
      </object_component>
      <object_component id="oc-2ea">
         <name>.debug_info</name>
         <load_address>0x2b5c</load_address>
         <run_address>0x2b5c</run_address>
         <size>0x1db</size>
         <input_file_ref idref="fl-b"/>
      </object_component>
      <object_component id="oc-2f0">
         <name>.debug_info</name>
         <load_address>0x2d37</load_address>
         <run_address>0x2d37</run_address>
         <size>0x117</size>
         <input_file_ref idref="fl-b"/>
      </object_component>
      <object_component id="oc-3f5">
         <name>.debug_info</name>
         <load_address>0x2e4e</load_address>
         <run_address>0x2e4e</run_address>
         <size>0x141</size>
         <input_file_ref idref="fl-b"/>
      </object_component>
      <object_component id="oc-34f">
         <name>.debug_info</name>
         <load_address>0x2f8f</load_address>
         <run_address>0x2f8f</run_address>
         <size>0x21b</size>
         <input_file_ref idref="fl-c"/>
      </object_component>
      <object_component id="oc-34b">
         <name>.debug_info</name>
         <load_address>0x31aa</load_address>
         <run_address>0x31aa</run_address>
         <size>0x171</size>
         <input_file_ref idref="fl-c"/>
      </object_component>
      <object_component id="oc-3b6">
         <name>.debug_info</name>
         <load_address>0x331b</load_address>
         <run_address>0x331b</run_address>
         <size>0x129</size>
         <input_file_ref idref="fl-c"/>
      </object_component>
      <object_component id="oc-2e5">
         <name>.debug_info</name>
         <load_address>0x3444</load_address>
         <run_address>0x3444</run_address>
         <size>0x1d4</size>
         <input_file_ref idref="fl-c"/>
      </object_component>
      <object_component id="oc-3bc">
         <name>.debug_info</name>
         <load_address>0x3618</load_address>
         <run_address>0x3618</run_address>
         <size>0x2c</size>
         <input_file_ref idref="fl-c"/>
      </object_component>
      <object_component id="oc-262">
         <name>.debug_info</name>
         <load_address>0x3644</load_address>
         <run_address>0x3644</run_address>
         <size>0x110</size>
         <input_file_ref idref="fl-31"/>
      </object_component>
      <object_component id="oc-245">
         <name>.debug_info</name>
         <load_address>0x3754</load_address>
         <run_address>0x3754</run_address>
         <size>0x101</size>
         <input_file_ref idref="fl-32"/>
      </object_component>
      <object_component id="oc-295">
         <name>.debug_info</name>
         <load_address>0x3855</load_address>
         <run_address>0x3855</run_address>
         <size>0x17b</size>
         <input_file_ref idref="fl-32"/>
      </object_component>
      <object_component id="oc-437">
         <name>.debug_info</name>
         <load_address>0x39d0</load_address>
         <run_address>0x39d0</run_address>
         <size>0x40a</size>
         <input_file_ref idref="fl-33"/>
      </object_component>
      <object_component id="oc-395">
         <name>.debug_info</name>
         <load_address>0x3dda</load_address>
         <run_address>0x3dda</run_address>
         <size>0x217</size>
         <input_file_ref idref="fl-33"/>
      </object_component>
      <object_component id="oc-47e">
         <name>.debug_info</name>
         <load_address>0x3ff1</load_address>
         <run_address>0x3ff1</run_address>
         <size>0x39</size>
         <input_file_ref idref="fl-33"/>
      </object_component>
      <object_component id="oc-495">
         <name>.debug_info</name>
         <load_address>0x402a</load_address>
         <run_address>0x402a</run_address>
         <size>0x2c</size>
         <input_file_ref idref="fl-33"/>
      </object_component>
      <object_component id="oc-442">
         <name>.debug_info</name>
         <load_address>0x4056</load_address>
         <run_address>0x4056</run_address>
         <size>0x2c</size>
         <input_file_ref idref="fl-33"/>
      </object_component>
      <object_component id="oc-483">
         <name>.debug_info</name>
         <load_address>0x4082</load_address>
         <run_address>0x4082</run_address>
         <size>0xcd</size>
         <input_file_ref idref="fl-33"/>
      </object_component>
      <object_component id="oc-286">
         <name>.debug_info</name>
         <load_address>0x414f</load_address>
         <run_address>0x414f</run_address>
         <size>0x1d4</size>
         <input_file_ref idref="fl-34"/>
      </object_component>
      <object_component id="oc-2fd">
         <name>.debug_info</name>
         <load_address>0x4323</load_address>
         <run_address>0x4323</run_address>
         <size>0x46</size>
         <input_file_ref idref="fl-34"/>
      </object_component>
      <object_component id="oc-305">
         <name>.debug_info</name>
         <load_address>0x4369</load_address>
         <run_address>0x4369</run_address>
         <size>0x154</size>
         <input_file_ref idref="fl-37"/>
      </object_component>
      <object_component id="oc-434">
         <name>.debug_info</name>
         <load_address>0x44bd</load_address>
         <run_address>0x44bd</run_address>
         <size>0x151</size>
         <input_file_ref idref="fl-38"/>
      </object_component>
      <object_component id="oc-371">
         <name>.debug_info</name>
         <load_address>0x460e</load_address>
         <run_address>0x460e</run_address>
         <size>0x123</size>
         <input_file_ref idref="fl-3b"/>
      </object_component>
      <object_component id="oc-3bb">
         <name>.debug_info</name>
         <load_address>0x4731</load_address>
         <run_address>0x4731</run_address>
         <size>0x169</size>
         <input_file_ref idref="fl-3f"/>
      </object_component>
      <object_component id="oc-33d">
         <name>.debug_info</name>
         <load_address>0x489a</load_address>
         <run_address>0x489a</run_address>
         <size>0x28e</size>
         <input_file_ref idref="fl-3f"/>
      </object_component>
      <object_component id="oc-519">
         <name>.debug_info</name>
         <load_address>0x4b28</load_address>
         <run_address>0x4b28</run_address>
         <size>0xa4</size>
      </object_component>
      <object_component id="oc-360">
         <name>.debug_line</name>
         <load_address>0x0</load_address>
         <run_address>0x0</run_address>
         <size>0x3f</size>
         <input_file_ref idref="fl-2"/>
      </object_component>
      <object_component id="oc-414">
         <name>.debug_line</name>
         <load_address>0x3f</load_address>
         <run_address>0x3f</run_address>
         <size>0x49</size>
         <input_file_ref idref="fl-2"/>
      </object_component>
      <object_component id="oc-26e">
         <name>.debug_line</name>
         <load_address>0x88</load_address>
         <run_address>0x88</run_address>
         <size>0x42</size>
         <input_file_ref idref="fl-2"/>
      </object_component>
      <object_component id="oc-251">
         <name>.debug_line</name>
         <load_address>0xca</load_address>
         <run_address>0xca</run_address>
         <size>0x20</size>
         <input_file_ref idref="fl-2"/>
      </object_component>
      <object_component id="oc-452">
         <name>.debug_line</name>
         <load_address>0xea</load_address>
         <run_address>0xea</run_address>
         <size>0x44</size>
         <input_file_ref idref="fl-3"/>
      </object_component>
      <object_component id="oc-346">
         <name>.debug_line</name>
         <load_address>0x12e</load_address>
         <run_address>0x12e</run_address>
         <size>0x41</size>
         <input_file_ref idref="fl-3"/>
      </object_component>
      <object_component id="oc-334">
         <name>.debug_line</name>
         <load_address>0x16f</load_address>
         <run_address>0x16f</run_address>
         <size>0x42</size>
         <input_file_ref idref="fl-3"/>
      </object_component>
      <object_component id="oc-32b">
         <name>.debug_line</name>
         <load_address>0x1b1</load_address>
         <run_address>0x1b1</run_address>
         <size>0x41</size>
         <input_file_ref idref="fl-3"/>
      </object_component>
      <object_component id="oc-359">
         <name>.debug_line</name>
         <load_address>0x1f2</load_address>
         <run_address>0x1f2</run_address>
         <size>0x5c</size>
         <input_file_ref idref="fl-3"/>
      </object_component>
      <object_component id="oc-41a">
         <name>.debug_line</name>
         <load_address>0x24e</load_address>
         <run_address>0x24e</run_address>
         <size>0x46</size>
         <input_file_ref idref="fl-4"/>
      </object_component>
      <object_component id="oc-268">
         <name>.debug_line</name>
         <load_address>0x294</load_address>
         <run_address>0x294</run_address>
         <size>0x4b</size>
         <input_file_ref idref="fl-4"/>
      </object_component>
      <object_component id="oc-49b">
         <name>.debug_line</name>
         <load_address>0x2df</load_address>
         <run_address>0x2df</run_address>
         <size>0x2f</size>
         <input_file_ref idref="fl-5"/>
      </object_component>
      <object_component id="oc-3dc">
         <name>.debug_line</name>
         <load_address>0x30e</load_address>
         <run_address>0x30e</run_address>
         <size>0x42</size>
         <input_file_ref idref="fl-5"/>
      </object_component>
      <object_component id="oc-3df">
         <name>.debug_line</name>
         <load_address>0x350</load_address>
         <run_address>0x350</run_address>
         <size>0x44</size>
         <input_file_ref idref="fl-5"/>
      </object_component>
      <object_component id="oc-3d3">
         <name>.debug_line</name>
         <load_address>0x394</load_address>
         <run_address>0x394</run_address>
         <size>0x44</size>
         <input_file_ref idref="fl-5"/>
      </object_component>
      <object_component id="oc-40e">
         <name>.debug_line</name>
         <load_address>0x3d8</load_address>
         <run_address>0x3d8</run_address>
         <size>0x46</size>
         <input_file_ref idref="fl-5"/>
      </object_component>
      <object_component id="oc-27a">
         <name>.debug_line</name>
         <load_address>0x41e</load_address>
         <run_address>0x41e</run_address>
         <size>0x42</size>
         <input_file_ref idref="fl-5"/>
      </object_component>
      <object_component id="oc-3f1">
         <name>.debug_line</name>
         <load_address>0x460</load_address>
         <run_address>0x460</run_address>
         <size>0x84</size>
         <input_file_ref idref="fl-6"/>
      </object_component>
      <object_component id="oc-3e8">
         <name>.debug_line</name>
         <load_address>0x4e4</load_address>
         <run_address>0x4e4</run_address>
         <size>0x4b</size>
         <input_file_ref idref="fl-6"/>
      </object_component>
      <object_component id="oc-403">
         <name>.debug_line</name>
         <load_address>0x52f</load_address>
         <run_address>0x52f</run_address>
         <size>0x41</size>
         <input_file_ref idref="fl-7"/>
      </object_component>
      <object_component id="oc-36b">
         <name>.debug_line</name>
         <load_address>0x570</load_address>
         <run_address>0x570</run_address>
         <size>0x41</size>
         <input_file_ref idref="fl-7"/>
      </object_component>
      <object_component id="oc-2f7">
         <name>.debug_line</name>
         <load_address>0x5b1</load_address>
         <run_address>0x5b1</run_address>
         <size>0x41</size>
         <input_file_ref idref="fl-8"/>
      </object_component>
      <object_component id="oc-367">
         <name>.debug_line</name>
         <load_address>0x5f2</load_address>
         <run_address>0x5f2</run_address>
         <size>0x49</size>
         <input_file_ref idref="fl-8"/>
      </object_component>
      <object_component id="oc-30b">
         <name>.debug_line</name>
         <load_address>0x63b</load_address>
         <run_address>0x63b</run_address>
         <size>0x44</size>
         <input_file_ref idref="fl-8"/>
      </object_component>
      <object_component id="oc-2ce">
         <name>.debug_line</name>
         <load_address>0x67f</load_address>
         <run_address>0x67f</run_address>
         <size>0x40</size>
         <input_file_ref idref="fl-8"/>
      </object_component>
      <object_component id="oc-2d3">
         <name>.debug_line</name>
         <load_address>0x6bf</load_address>
         <run_address>0x6bf</run_address>
         <size>0x40</size>
         <input_file_ref idref="fl-8"/>
      </object_component>
      <object_component id="oc-2d7">
         <name>.debug_line</name>
         <load_address>0x6ff</load_address>
         <run_address>0x6ff</run_address>
         <size>0x43</size>
         <input_file_ref idref="fl-8"/>
      </object_component>
      <object_component id="oc-354">
         <name>.debug_line</name>
         <load_address>0x742</load_address>
         <run_address>0x742</run_address>
         <size>0x80</size>
         <input_file_ref idref="fl-9"/>
      </object_component>
      <object_component id="oc-3f9">
         <name>.debug_line</name>
         <load_address>0x7c2</load_address>
         <run_address>0x7c2</run_address>
         <size>0x44</size>
         <input_file_ref idref="fl-9"/>
      </object_component>
      <object_component id="oc-27d">
         <name>.debug_line</name>
         <load_address>0x806</load_address>
         <run_address>0x806</run_address>
         <size>0x4a</size>
         <input_file_ref idref="fl-9"/>
      </object_component>
      <object_component id="oc-33a">
         <name>.debug_line</name>
         <load_address>0x850</load_address>
         <run_address>0x850</run_address>
         <size>0x7f</size>
         <input_file_ref idref="fl-a"/>
      </object_component>
      <object_component id="oc-3ce">
         <name>.debug_line</name>
         <load_address>0x8cf</load_address>
         <run_address>0x8cf</run_address>
         <size>0x43</size>
         <input_file_ref idref="fl-a"/>
      </object_component>
      <object_component id="oc-3c5">
         <name>.debug_line</name>
         <load_address>0x912</load_address>
         <run_address>0x912</run_address>
         <size>0x49</size>
         <input_file_ref idref="fl-a"/>
      </object_component>
      <object_component id="oc-405">
         <name>.debug_line</name>
         <load_address>0x95b</load_address>
         <run_address>0x95b</run_address>
         <size>0x47</size>
         <input_file_ref idref="fl-a"/>
      </object_component>
      <object_component id="oc-275">
         <name>.debug_line</name>
         <load_address>0x9a2</load_address>
         <run_address>0x9a2</run_address>
         <size>0x51</size>
         <input_file_ref idref="fl-a"/>
      </object_component>
      <object_component id="oc-351">
         <name>.debug_line</name>
         <load_address>0x9f3</load_address>
         <run_address>0x9f3</run_address>
         <size>0x83</size>
         <input_file_ref idref="fl-b"/>
      </object_component>
      <object_component id="oc-2ef">
         <name>.debug_line</name>
         <load_address>0xa76</load_address>
         <run_address>0xa76</run_address>
         <size>0x44</size>
         <input_file_ref idref="fl-b"/>
      </object_component>
      <object_component id="oc-3f7">
         <name>.debug_line</name>
         <load_address>0xaba</load_address>
         <run_address>0xaba</run_address>
         <size>0x49</size>
         <input_file_ref idref="fl-b"/>
      </object_component>
      <object_component id="oc-3d1">
         <name>.debug_line</name>
         <load_address>0xb03</load_address>
         <run_address>0xb03</run_address>
         <size>0x85</size>
         <input_file_ref idref="fl-c"/>
      </object_component>
      <object_component id="oc-34a">
         <name>.debug_line</name>
         <load_address>0xb88</load_address>
         <run_address>0xb88</run_address>
         <size>0x45</size>
         <input_file_ref idref="fl-c"/>
      </object_component>
      <object_component id="oc-3b5">
         <name>.debug_line</name>
         <load_address>0xbcd</load_address>
         <run_address>0xbcd</run_address>
         <size>0x42</size>
         <input_file_ref idref="fl-c"/>
      </object_component>
      <object_component id="oc-2e4">
         <name>.debug_line</name>
         <load_address>0xc0f</load_address>
         <run_address>0xc0f</run_address>
         <size>0x59</size>
         <input_file_ref idref="fl-c"/>
      </object_component>
      <object_component id="oc-3bf">
         <name>.debug_line</name>
         <load_address>0xc68</load_address>
         <run_address>0xc68</run_address>
         <size>0x6f</size>
         <input_file_ref idref="fl-c"/>
      </object_component>
      <object_component id="oc-260">
         <name>.debug_line</name>
         <load_address>0xcd7</load_address>
         <run_address>0xcd7</run_address>
         <size>0x3d</size>
         <input_file_ref idref="fl-31"/>
      </object_component>
      <object_component id="oc-2bf">
         <name>.debug_line</name>
         <load_address>0xd14</load_address>
         <run_address>0xd14</run_address>
         <size>0x2a</size>
         <input_file_ref idref="fl-32"/>
      </object_component>
      <object_component id="oc-298">
         <name>.debug_line</name>
         <load_address>0xd3e</load_address>
         <run_address>0xd3e</run_address>
         <size>0x46</size>
         <input_file_ref idref="fl-32"/>
      </object_component>
      <object_component id="oc-47d">
         <name>.debug_line</name>
         <load_address>0xd84</load_address>
         <run_address>0xd84</run_address>
         <size>0xbf</size>
         <input_file_ref idref="fl-33"/>
      </object_component>
      <object_component id="oc-398">
         <name>.debug_line</name>
         <load_address>0xe43</load_address>
         <run_address>0xe43</run_address>
         <size>0x84</size>
         <input_file_ref idref="fl-33"/>
      </object_component>
      <object_component id="oc-481">
         <name>.debug_line</name>
         <load_address>0xec7</load_address>
         <run_address>0xec7</run_address>
         <size>0x2e</size>
         <input_file_ref idref="fl-33"/>
      </object_component>
      <object_component id="oc-498">
         <name>.debug_line</name>
         <load_address>0xef5</load_address>
         <run_address>0xef5</run_address>
         <size>0x9a</size>
         <input_file_ref idref="fl-33"/>
      </object_component>
      <object_component id="oc-445">
         <name>.debug_line</name>
         <load_address>0xf8f</load_address>
         <run_address>0xf8f</run_address>
         <size>0x97</size>
         <input_file_ref idref="fl-33"/>
      </object_component>
      <object_component id="oc-486">
         <name>.debug_line</name>
         <load_address>0x1026</load_address>
         <run_address>0x1026</run_address>
         <size>0x93</size>
         <input_file_ref idref="fl-33"/>
      </object_component>
      <object_component id="oc-285">
         <name>.debug_line</name>
         <load_address>0x10b9</load_address>
         <run_address>0x10b9</run_address>
         <size>0x53</size>
         <input_file_ref idref="fl-34"/>
      </object_component>
      <object_component id="oc-300">
         <name>.debug_line</name>
         <load_address>0x110c</load_address>
         <run_address>0x110c</run_address>
         <size>0x34</size>
         <input_file_ref idref="fl-34"/>
      </object_component>
      <object_component id="oc-304">
         <name>.debug_line</name>
         <load_address>0x1140</load_address>
         <run_address>0x1140</run_address>
         <size>0x3e</size>
         <input_file_ref idref="fl-37"/>
      </object_component>
      <object_component id="oc-432">
         <name>.debug_line</name>
         <load_address>0x117e</load_address>
         <run_address>0x117e</run_address>
         <size>0x3a</size>
         <input_file_ref idref="fl-38"/>
      </object_component>
      <object_component id="oc-374">
         <name>.debug_line</name>
         <load_address>0x11b8</load_address>
         <run_address>0x11b8</run_address>
         <size>0x3d</size>
         <input_file_ref idref="fl-3b"/>
      </object_component>
      <object_component id="oc-455">
         <name>.debug_line</name>
         <load_address>0x11f5</load_address>
         <run_address>0x11f5</run_address>
         <size>0x20</size>
         <input_file_ref idref="fl-3f"/>
      </object_component>
      <object_component id="oc-341">
         <name>.debug_line</name>
         <load_address>0x1215</load_address>
         <run_address>0x1215</run_address>
         <size>0xba</size>
         <input_file_ref idref="fl-3f"/>
      </object_component>
      <object_component id="oc-35f">
         <name>.debug_frame</name>
         <load_address>0x0</load_address>
         <run_address>0x0</run_address>
         <size>0x3c</size>
         <input_file_ref idref="fl-2"/>
      </object_component>
      <object_component id="oc-415">
         <name>.debug_frame</name>
         <load_address>0x3c</load_address>
         <run_address>0x3c</run_address>
         <size>0x3c</size>
         <input_file_ref idref="fl-2"/>
      </object_component>
      <object_component id="oc-26f">
         <name>.debug_frame</name>
         <load_address>0x78</load_address>
         <run_address>0x78</run_address>
         <size>0x4c</size>
         <input_file_ref idref="fl-2"/>
      </object_component>
      <object_component id="oc-347">
         <name>.debug_frame</name>
         <load_address>0xc4</load_address>
         <run_address>0xc4</run_address>
         <size>0x3c</size>
         <input_file_ref idref="fl-3"/>
      </object_component>
      <object_component id="oc-332">
         <name>.debug_frame</name>
         <load_address>0x100</load_address>
         <run_address>0x100</run_address>
         <size>0x3c</size>
         <input_file_ref idref="fl-3"/>
      </object_component>
      <object_component id="oc-32f">
         <name>.debug_frame</name>
         <load_address>0x13c</load_address>
         <run_address>0x13c</run_address>
         <size>0x3c</size>
         <input_file_ref idref="fl-3"/>
      </object_component>
      <object_component id="oc-35a">
         <name>.debug_frame</name>
         <load_address>0x178</load_address>
         <run_address>0x178</run_address>
         <size>0x3c</size>
         <input_file_ref idref="fl-3"/>
      </object_component>
      <object_component id="oc-41b">
         <name>.debug_frame</name>
         <load_address>0x1b4</load_address>
         <run_address>0x1b4</run_address>
         <size>0x3c</size>
         <input_file_ref idref="fl-4"/>
      </object_component>
      <object_component id="oc-269">
         <name>.debug_frame</name>
         <load_address>0x1f0</load_address>
         <run_address>0x1f0</run_address>
         <size>0x4c</size>
         <input_file_ref idref="fl-4"/>
      </object_component>
      <object_component id="oc-3dd">
         <name>.debug_frame</name>
         <load_address>0x23c</load_address>
         <run_address>0x23c</run_address>
         <size>0x3c</size>
         <input_file_ref idref="fl-5"/>
      </object_component>
      <object_component id="oc-3e3">
         <name>.debug_frame</name>
         <load_address>0x278</load_address>
         <run_address>0x278</run_address>
         <size>0x3c</size>
         <input_file_ref idref="fl-5"/>
      </object_component>
      <object_component id="oc-3d7">
         <name>.debug_frame</name>
         <load_address>0x2b4</load_address>
         <run_address>0x2b4</run_address>
         <size>0x3c</size>
         <input_file_ref idref="fl-5"/>
      </object_component>
      <object_component id="oc-40f">
         <name>.debug_frame</name>
         <load_address>0x2f0</load_address>
         <run_address>0x2f0</run_address>
         <size>0x3c</size>
         <input_file_ref idref="fl-5"/>
      </object_component>
      <object_component id="oc-27b">
         <name>.debug_frame</name>
         <load_address>0x32c</load_address>
         <run_address>0x32c</run_address>
         <size>0x3c</size>
         <input_file_ref idref="fl-5"/>
      </object_component>
      <object_component id="oc-3ed">
         <name>.debug_frame</name>
         <load_address>0x368</load_address>
         <run_address>0x368</run_address>
         <size>0x50</size>
         <input_file_ref idref="fl-6"/>
      </object_component>
      <object_component id="oc-3eb">
         <name>.debug_frame</name>
         <load_address>0x3b8</load_address>
         <run_address>0x3b8</run_address>
         <size>0x3c</size>
         <input_file_ref idref="fl-6"/>
      </object_component>
      <object_component id="oc-402">
         <name>.debug_frame</name>
         <load_address>0x3f4</load_address>
         <run_address>0x3f4</run_address>
         <size>0x3c</size>
         <input_file_ref idref="fl-7"/>
      </object_component>
      <object_component id="oc-36a">
         <name>.debug_frame</name>
         <load_address>0x430</load_address>
         <run_address>0x430</run_address>
         <size>0x3c</size>
         <input_file_ref idref="fl-7"/>
      </object_component>
      <object_component id="oc-2f6">
         <name>.debug_frame</name>
         <load_address>0x46c</load_address>
         <run_address>0x46c</run_address>
         <size>0x3c</size>
         <input_file_ref idref="fl-8"/>
      </object_component>
      <object_component id="oc-368">
         <name>.debug_frame</name>
         <load_address>0x4a8</load_address>
         <run_address>0x4a8</run_address>
         <size>0x3c</size>
         <input_file_ref idref="fl-8"/>
      </object_component>
      <object_component id="oc-30a">
         <name>.debug_frame</name>
         <load_address>0x4e4</load_address>
         <run_address>0x4e4</run_address>
         <size>0x3c</size>
         <input_file_ref idref="fl-8"/>
      </object_component>
      <object_component id="oc-2ca">
         <name>.debug_frame</name>
         <load_address>0x520</load_address>
         <run_address>0x520</run_address>
         <size>0x3c</size>
         <input_file_ref idref="fl-8"/>
      </object_component>
      <object_component id="oc-2d4">
         <name>.debug_frame</name>
         <load_address>0x55c</load_address>
         <run_address>0x55c</run_address>
         <size>0x3c</size>
         <input_file_ref idref="fl-8"/>
      </object_component>
      <object_component id="oc-2db">
         <name>.debug_frame</name>
         <load_address>0x598</load_address>
         <run_address>0x598</run_address>
         <size>0x3c</size>
         <input_file_ref idref="fl-8"/>
      </object_component>
      <object_component id="oc-3fd">
         <name>.debug_frame</name>
         <load_address>0x5d4</load_address>
         <run_address>0x5d4</run_address>
         <size>0x3c</size>
         <input_file_ref idref="fl-9"/>
      </object_component>
      <object_component id="oc-27e">
         <name>.debug_frame</name>
         <load_address>0x610</load_address>
         <run_address>0x610</run_address>
         <size>0x4c</size>
         <input_file_ref idref="fl-9"/>
      </object_component>
      <object_component id="oc-3ca">
         <name>.debug_frame</name>
         <load_address>0x65c</load_address>
         <run_address>0x65c</run_address>
         <size>0x3c</size>
         <input_file_ref idref="fl-a"/>
      </object_component>
      <object_component id="oc-3c4">
         <name>.debug_frame</name>
         <load_address>0x698</load_address>
         <run_address>0x698</run_address>
         <size>0x3c</size>
         <input_file_ref idref="fl-a"/>
      </object_component>
      <object_component id="oc-409">
         <name>.debug_frame</name>
         <load_address>0x6d4</load_address>
         <run_address>0x6d4</run_address>
         <size>0x3c</size>
         <input_file_ref idref="fl-a"/>
      </object_component>
      <object_component id="oc-274">
         <name>.debug_frame</name>
         <load_address>0x710</load_address>
         <run_address>0x710</run_address>
         <size>0x4c</size>
         <input_file_ref idref="fl-a"/>
      </object_component>
      <object_component id="oc-2ee">
         <name>.debug_frame</name>
         <load_address>0x75c</load_address>
         <run_address>0x75c</run_address>
         <size>0x3c</size>
         <input_file_ref idref="fl-b"/>
      </object_component>
      <object_component id="oc-3f3">
         <name>.debug_frame</name>
         <load_address>0x798</load_address>
         <run_address>0x798</run_address>
         <size>0x3c</size>
         <input_file_ref idref="fl-b"/>
      </object_component>
      <object_component id="oc-349">
         <name>.debug_frame</name>
         <load_address>0x7d4</load_address>
         <run_address>0x7d4</run_address>
         <size>0x44</size>
         <input_file_ref idref="fl-c"/>
      </object_component>
      <object_component id="oc-3b8">
         <name>.debug_frame</name>
         <load_address>0x818</load_address>
         <run_address>0x818</run_address>
         <size>0x3c</size>
         <input_file_ref idref="fl-c"/>
      </object_component>
      <object_component id="oc-2e2">
         <name>.debug_frame</name>
         <load_address>0x854</load_address>
         <run_address>0x854</run_address>
         <size>0x48</size>
         <input_file_ref idref="fl-c"/>
      </object_component>
      <object_component id="oc-299">
         <name>.debug_frame</name>
         <load_address>0x89c</load_address>
         <run_address>0x89c</run_address>
         <size>0x34</size>
         <input_file_ref idref="fl-32"/>
      </object_component>
      <object_component id="oc-399">
         <name>.debug_frame</name>
         <load_address>0x8d0</load_address>
         <run_address>0x8d0</run_address>
         <size>0x48</size>
         <input_file_ref idref="fl-33"/>
      </object_component>
      <object_component id="oc-284">
         <name>.debug_frame</name>
         <load_address>0x918</load_address>
         <run_address>0x918</run_address>
         <size>0x44</size>
         <input_file_ref idref="fl-34"/>
      </object_component>
      <object_component id="oc-308">
         <name>.debug_frame</name>
         <load_address>0x95c</load_address>
         <run_address>0x95c</run_address>
         <size>0x3c</size>
         <input_file_ref idref="fl-37"/>
      </object_component>
      <object_component id="oc-431">
         <name>.debug_frame</name>
         <load_address>0x998</load_address>
         <run_address>0x998</run_address>
         <size>0x3c</size>
         <input_file_ref idref="fl-38"/>
      </object_component>
      <object_component id="oc-375">
         <name>.debug_frame</name>
         <load_address>0x9d4</load_address>
         <run_address>0x9d4</run_address>
         <size>0x3c</size>
         <input_file_ref idref="fl-3b"/>
      </object_component>
      <object_component id="oc-340">
         <name>.debug_frame</name>
         <load_address>0xa10</load_address>
         <run_address>0xa10</run_address>
         <size>0x44</size>
         <input_file_ref idref="fl-3f"/>
      </object_component>
      <object_component id="oc-3e5">
         <name>.debug_abbrev</name>
         <load_address>0x0</load_address>
         <run_address>0x0</run_address>
         <size>0x50</size>
         <input_file_ref idref="fl-2"/>
      </object_component>
      <object_component id="oc-465">
         <name>.debug_abbrev</name>
         <load_address>0x50</load_address>
         <run_address>0x50</run_address>
         <size>0x50</size>
         <input_file_ref idref="fl-2"/>
      </object_component>
      <object_component id="oc-2dc">
         <name>.debug_abbrev</name>
         <load_address>0xa0</load_address>
         <run_address>0xa0</run_address>
         <size>0x61</size>
         <input_file_ref idref="fl-2"/>
      </object_component>
      <object_component id="oc-250">
         <name>.debug_abbrev</name>
         <load_address>0x101</load_address>
         <run_address>0x101</run_address>
         <size>0x1f</size>
         <input_file_ref idref="fl-2"/>
      </object_component>
      <object_component id="oc-451">
         <name>.debug_abbrev</name>
         <load_address>0x120</load_address>
         <run_address>0x120</run_address>
         <size>0x6e</size>
         <input_file_ref idref="fl-3"/>
      </object_component>
      <object_component id="oc-3c2">
         <name>.debug_abbrev</name>
         <load_address>0x18e</load_address>
         <run_address>0x18e</run_address>
         <size>0x50</size>
         <input_file_ref idref="fl-3"/>
      </object_component>
      <object_component id="oc-3b9">
         <name>.debug_abbrev</name>
         <load_address>0x1de</load_address>
         <run_address>0x1de</run_address>
         <size>0x5e</size>
         <input_file_ref idref="fl-3"/>
      </object_component>
      <object_component id="oc-3b2">
         <name>.debug_abbrev</name>
         <load_address>0x23c</load_address>
         <run_address>0x23c</run_address>
         <size>0x50</size>
         <input_file_ref idref="fl-3"/>
      </object_component>
      <object_component id="oc-3e4">
         <name>.debug_abbrev</name>
         <load_address>0x28c</load_address>
         <run_address>0x28c</run_address>
         <size>0x5e</size>
         <input_file_ref idref="fl-3"/>
      </object_component>
      <object_component id="oc-466">
         <name>.debug_abbrev</name>
         <load_address>0x2ea</load_address>
         <run_address>0x2ea</run_address>
         <size>0x50</size>
         <input_file_ref idref="fl-4"/>
      </object_component>
      <object_component id="oc-2d5">
         <name>.debug_abbrev</name>
         <load_address>0x33a</load_address>
         <run_address>0x33a</run_address>
         <size>0x61</size>
         <input_file_ref idref="fl-4"/>
      </object_component>
      <object_component id="oc-49a">
         <name>.debug_abbrev</name>
         <load_address>0x39b</load_address>
         <run_address>0x39b</run_address>
         <size>0x27</size>
         <input_file_ref idref="fl-5"/>
      </object_component>
      <object_component id="oc-45c">
         <name>.debug_abbrev</name>
         <load_address>0x3c2</load_address>
         <run_address>0x3c2</run_address>
         <size>0x52</size>
         <input_file_ref idref="fl-5"/>
      </object_component>
      <object_component id="oc-45d">
         <name>.debug_abbrev</name>
         <load_address>0x414</load_address>
         <run_address>0x414</run_address>
         <size>0x50</size>
         <input_file_ref idref="fl-5"/>
      </object_component>
      <object_component id="oc-45b">
         <name>.debug_abbrev</name>
         <load_address>0x464</load_address>
         <run_address>0x464</run_address>
         <size>0x50</size>
         <input_file_ref idref="fl-5"/>
      </object_component>
      <object_component id="oc-464">
         <name>.debug_abbrev</name>
         <load_address>0x4b4</load_address>
         <run_address>0x4b4</run_address>
         <size>0x50</size>
         <input_file_ref idref="fl-5"/>
      </object_component>
      <object_component id="oc-2e8">
         <name>.debug_abbrev</name>
         <load_address>0x504</load_address>
         <run_address>0x504</run_address>
         <size>0x53</size>
         <input_file_ref idref="fl-5"/>
      </object_component>
      <object_component id="oc-45f">
         <name>.debug_abbrev</name>
         <load_address>0x557</load_address>
         <run_address>0x557</run_address>
         <size>0x5e</size>
         <input_file_ref idref="fl-6"/>
      </object_component>
      <object_component id="oc-45e">
         <name>.debug_abbrev</name>
         <load_address>0x5b5</load_address>
         <run_address>0x5b5</run_address>
         <size>0x50</size>
         <input_file_ref idref="fl-6"/>
      </object_component>
      <object_component id="oc-462">
         <name>.debug_abbrev</name>
         <load_address>0x605</load_address>
         <run_address>0x605</run_address>
         <size>0x50</size>
         <input_file_ref idref="fl-7"/>
      </object_component>
      <object_component id="oc-41d">
         <name>.debug_abbrev</name>
         <load_address>0x655</load_address>
         <run_address>0x655</run_address>
         <size>0x50</size>
         <input_file_ref idref="fl-7"/>
      </object_component>
      <object_component id="oc-361">
         <name>.debug_abbrev</name>
         <load_address>0x6a5</load_address>
         <run_address>0x6a5</run_address>
         <size>0x5e</size>
         <input_file_ref idref="fl-8"/>
      </object_component>
      <object_component id="oc-41c">
         <name>.debug_abbrev</name>
         <load_address>0x703</load_address>
         <run_address>0x703</run_address>
         <size>0x5e</size>
         <input_file_ref idref="fl-8"/>
      </object_component>
      <object_component id="oc-36f">
         <name>.debug_abbrev</name>
         <load_address>0x761</load_address>
         <run_address>0x761</run_address>
         <size>0x60</size>
         <input_file_ref idref="fl-8"/>
      </object_component>
      <object_component id="oc-330">
         <name>.debug_abbrev</name>
         <load_address>0x7c1</load_address>
         <run_address>0x7c1</run_address>
         <size>0x5e</size>
         <input_file_ref idref="fl-8"/>
      </object_component>
      <object_component id="oc-337">
         <name>.debug_abbrev</name>
         <load_address>0x81f</load_address>
         <run_address>0x81f</run_address>
         <size>0x5e</size>
         <input_file_ref idref="fl-8"/>
      </object_component>
      <object_component id="oc-338">
         <name>.debug_abbrev</name>
         <load_address>0x87d</load_address>
         <run_address>0x87d</run_address>
         <size>0x7a</size>
         <input_file_ref idref="fl-8"/>
      </object_component>
      <object_component id="oc-353">
         <name>.debug_abbrev</name>
         <load_address>0x8f7</load_address>
         <run_address>0x8f7</run_address>
         <size>0x8b</size>
         <input_file_ref idref="fl-9"/>
      </object_component>
      <object_component id="oc-461">
         <name>.debug_abbrev</name>
         <load_address>0x982</load_address>
         <run_address>0x982</run_address>
         <size>0x50</size>
         <input_file_ref idref="fl-9"/>
      </object_component>
      <object_component id="oc-2fb">
         <name>.debug_abbrev</name>
         <load_address>0x9d2</load_address>
         <run_address>0x9d2</run_address>
         <size>0x61</size>
         <input_file_ref idref="fl-9"/>
      </object_component>
      <object_component id="oc-339">
         <name>.debug_abbrev</name>
         <load_address>0xa33</load_address>
         <run_address>0xa33</run_address>
         <size>0xbf</size>
         <input_file_ref idref="fl-a"/>
      </object_component>
      <object_component id="oc-457">
         <name>.debug_abbrev</name>
         <load_address>0xaf2</load_address>
         <run_address>0xaf2</run_address>
         <size>0x6c</size>
         <input_file_ref idref="fl-a"/>
      </object_component>
      <object_component id="oc-456">
         <name>.debug_abbrev</name>
         <load_address>0xb5e</load_address>
         <run_address>0xb5e</run_address>
         <size>0x7a</size>
         <input_file_ref idref="fl-a"/>
      </object_component>
      <object_component id="oc-463">
         <name>.debug_abbrev</name>
         <load_address>0xbd8</load_address>
         <run_address>0xbd8</run_address>
         <size>0x50</size>
         <input_file_ref idref="fl-a"/>
      </object_component>
      <object_component id="oc-2e7">
         <name>.debug_abbrev</name>
         <load_address>0xc28</load_address>
         <run_address>0xc28</run_address>
         <size>0x61</size>
         <input_file_ref idref="fl-a"/>
      </object_component>
      <object_component id="oc-350">
         <name>.debug_abbrev</name>
         <load_address>0xc89</load_address>
         <run_address>0xc89</run_address>
         <size>0x8b</size>
         <input_file_ref idref="fl-b"/>
      </object_component>
      <object_component id="oc-352">
         <name>.debug_abbrev</name>
         <load_address>0xd14</load_address>
         <run_address>0xd14</run_address>
         <size>0x50</size>
         <input_file_ref idref="fl-b"/>
      </object_component>
      <object_component id="oc-460">
         <name>.debug_abbrev</name>
         <load_address>0xd64</load_address>
         <run_address>0xd64</run_address>
         <size>0x5e</size>
         <input_file_ref idref="fl-b"/>
      </object_component>
      <object_component id="oc-3d0">
         <name>.debug_abbrev</name>
         <load_address>0xdc2</load_address>
         <run_address>0xdc2</run_address>
         <size>0xa2</size>
         <input_file_ref idref="fl-c"/>
      </object_component>
      <object_component id="oc-3cf">
         <name>.debug_abbrev</name>
         <load_address>0xe64</load_address>
         <run_address>0xe64</run_address>
         <size>0x7a</size>
         <input_file_ref idref="fl-c"/>
      </object_component>
      <object_component id="oc-453">
         <name>.debug_abbrev</name>
         <load_address>0xede</load_address>
         <run_address>0xede</run_address>
         <size>0x5e</size>
         <input_file_ref idref="fl-c"/>
      </object_component>
      <object_component id="oc-34e">
         <name>.debug_abbrev</name>
         <load_address>0xf3c</load_address>
         <run_address>0xf3c</run_address>
         <size>0x7a</size>
         <input_file_ref idref="fl-c"/>
      </object_component>
      <object_component id="oc-3be">
         <name>.debug_abbrev</name>
         <load_address>0xfb6</load_address>
         <run_address>0xfb6</run_address>
         <size>0x24</size>
         <input_file_ref idref="fl-c"/>
      </object_component>
      <object_component id="oc-2c8">
         <name>.debug_abbrev</name>
         <load_address>0xfda</load_address>
         <run_address>0xfda</run_address>
         <size>0x28</size>
         <input_file_ref idref="fl-31"/>
      </object_component>
      <object_component id="oc-2be">
         <name>.debug_abbrev</name>
         <load_address>0x1002</load_address>
         <run_address>0x1002</run_address>
         <size>0x29</size>
         <input_file_ref idref="fl-32"/>
      </object_component>
      <object_component id="oc-312">
         <name>.debug_abbrev</name>
         <load_address>0x102b</load_address>
         <run_address>0x102b</run_address>
         <size>0x58</size>
         <input_file_ref idref="fl-32"/>
      </object_component>
      <object_component id="oc-47c">
         <name>.debug_abbrev</name>
         <load_address>0x1083</load_address>
         <run_address>0x1083</run_address>
         <size>0xd9</size>
         <input_file_ref idref="fl-33"/>
      </object_component>
      <object_component id="oc-441">
         <name>.debug_abbrev</name>
         <load_address>0x115c</load_address>
         <run_address>0x115c</run_address>
         <size>0x7e</size>
[...]
         <name>UCA0BRW_L</name>
         <value>0x506</value>
      </symbol>
      <symbol id="sm-176">
         <name>UCA0BRW_H</name>
         <value>0x507</value>
      </symbol>
      <symbol id="sm-177">
         <name>UCA0MCTLW</name>
         <value>0x508</value>
      </symbol>
      <symbol id="sm-178">
         <name>UCA0MCTLW_L</name>
         <value>0x508</value>
      </symbol>
      <symbol id="sm-179">
         <name>UCA0MCTLW_H</name>
         <value>0x509</value>
      </symbol>
      <symbol id="sm-17a">
         <name>UCA0STATW</name>
         <value>0x50a</value>
      </symbol>
      <symbol id="sm-17b">
         <name>UCA0STATW_L</name>
         <value>0x50a</value>
      </symbol>
      <symbol id="sm-17c">
         <name>UCA0STATW_H</name>
         <value>0x50b</value>
      </symbol>
      <symbol id="sm-17d">
         <name>UCA0RXBUF</name>
         <value>0x50c</value>
      </symbol>
      <symbol id="sm-17e">
         <name>UCA0RXBUF_L</name>
         <value>0x50c</value>
      </symbol>
      <symbol id="sm-17f">
         <name>UCA0RXBUF_H</name>
         <value>0x50d</value>
      </symbol>
      <symbol id="sm-180">
         <name>UCA0TXBUF</name>
         <value>0x50e</value>
      </symbol>
      <symbol id="sm-181">
         <name>UCA0TXBUF_L</name>
         <value>0x50e</value>
      </symbol>
      <symbol id="sm-182">
         <name>UCA0TXBUF_H</name>
         <value>0x50f</value>
      </symbol>
      <symbol id="sm-183">
         <name>UCA0ABCTL</name>
         <value>0x510</value>
      </symbol>
      <symbol id="sm-184">
         <name>UCA0ABCTL_L</name>
         <value>0x510</value>
      </symbol>
      <symbol id="sm-185">
         <name>UCA0ABCTL_H</name>
         <value>0x511</value>
      </symbol>
      <symbol id="sm-186">
         <name>UCA0IRCTL</name>
         <value>0x512</value>
      </symbol>
      <symbol id="sm-187">
         <name>UCA0IRCTL_L</name>
         <value>0x512</value>
      </symbol>
      <symbol id="sm-188">
         <name>UCA0IRCTL_H</name>
         <value>0x513</value>
      </symbol>
      <symbol id="sm-189">
         <name>UCA0IE</name>
         <value>0x51a</value>
      </symbol>
      <symbol id="sm-18a">
         <name>UCA0IE_L</name>
         <value>0x51a</value>
      </symbol>
      <symbol id="sm-18b">
         <name>UCA0IE_H</name>
         <value>0x51b</value>
      </symbol>
      <symbol id="sm-18c">
         <name>UCA0IFG</name>
         <value>0x51c</value>
      </symbol>
      <symbol id="sm-18d">
         <name>UCA0IFG_L</name>
         <value>0x51c</value>
      </symbol>
      <symbol id="sm-18e">
         <name>UCA0IFG_H</name>
         <value>0x51d</value>
      </symbol>
      <symbol id="sm-18f">
         <name>UCA0IV</name>
         <value>0x51e</value>
      </symbol>
      <symbol id="sm-190">
         <name>UCA0IV_L</name>
         <value>0x51e</value>
      </symbol>
      <symbol id="sm-191">
         <name>UCA0IV_H</name>
         <value>0x51f</value>
      </symbol>
      <symbol id="sm-192">
         <name>UCB0CTLW0</name>
         <value>0x540</value>
      </symbol>
      <symbol id="sm-193">
         <name>UCB0CTLW0_L</name>
         <value>0x540</value>
      </symbol>
      <symbol id="sm-194">
         <name>UCB0CTLW0_H</name>
         <value>0x541</value>
      </symbol>
      <symbol id="sm-195">
         <name>UCB0CTLW1</name>
         <value>0x542</value>
      </symbol>
      <symbol id="sm-196">
         <name>UCB0CTLW1_L</name>
         <value>0x542</value>
      </symbol>
      <symbol id="sm-197">
         <name>UCB0CTLW1_H</name>
         <value>0x543</value>
      </symbol>
      <symbol id="sm-198">
         <name>UCB0BRW</name>
         <value>0x546</value>
      </symbol>
      <symbol id="sm-199">
         <name>UCB0BRW_L</name>
         <value>0x546</value>
      </symbol>
      <symbol id="sm-19a">
         <name>UCB0BRW_H</name>
         <value>0x547</value>
      </symbol>
      <symbol id="sm-19b">
         <name>UCB0STATW</name>
         <value>0x548</value>
      </symbol>
      <symbol id="sm-19c">
         <name>UCB0STATW_L</name>
         <value>0x548</value>
      </symbol>
      <symbol id="sm-19d">
         <name>UCB0STATW_H</name>
         <value>0x549</value>
      </symbol>
      <symbol id="sm-19e">
         <name>UCB0TBCNT</name>
         <value>0x54a</value>
      </symbol>
      <symbol id="sm-19f">
         <name>UCB0TBCNT_L</name>
         <value>0x54a</value>
      </symbol>
      <symbol id="sm-1a0">
         <name>UCB0TBCNT_H</name>
         <value>0x54b</value>
      </symbol>
      <symbol id="sm-1a1">
         <name>UCB0RXBUF</name>
         <value>0x54c</value>
      </symbol>
      <symbol id="sm-1a2">
         <name>UCB0RXBUF_L</name>
         <value>0x54c</value>
      </symbol>
      <symbol id="sm-1a3">
         <name>UCB0RXBUF_H</name>
         <value>0x54d</value>
      </symbol>
      <symbol id="sm-1a4">
         <name>UCB0TXBUF</name>
         <value>0x54e</value>
      </symbol>
      <symbol id="sm-1a5">
         <name>UCB0TXBUF_L</name>
         <value>0x54e</value>
      </symbol>
      <symbol id="sm-1a6">
         <name>UCB0TXBUF_H</name>
         <value>0x54f</value>
      </symbol>
      <symbol id="sm-1a7">
         <name>UCB0I2COA0</name>
         <value>0x554</value>
      </symbol>
      <symbol id="sm-1a8">
         <name>UCB0I2COA0_L</name>
         <value>0x554</value>
      </symbol>
      <symbol id="sm-1a9">
         <name>UCB0I2COA0_H</name>
         <value>0x555</value>
      </symbol>
      <symbol id="sm-1aa">
         <name>UCB0I2COA1</name>
         <value>0x556</value>
      </symbol>
      <symbol id="sm-1ab">
         <name>UCB0I2COA1_L</name>
         <value>0x556</value>
      </symbol>
      <symbol id="sm-1ac">
         <name>UCB0I2COA1_H</name>
         <value>0x557</value>
      </symbol>
      <symbol id="sm-1ad">
         <name>UCB0I2COA2</name>
         <value>0x558</value>
      </symbol>
      <symbol id="sm-1ae">
         <name>UCB0I2COA2_L</name>
         <value>0x558</value>
      </symbol>
      <symbol id="sm-1af">
         <name>UCB0I2COA2_H</name>
         <value>0x559</value>
      </symbol>
      <symbol id="sm-1b0">
         <name>UCB0I2COA3</name>
         <value>0x55a</value>
      </symbol>
      <symbol id="sm-1b1">
         <name>UCB0I2COA3_L</name>
         <value>0x55a</value>
      </symbol>
      <symbol id="sm-1b2">
         <name>UCB0I2COA3_H</name>
         <value>0x55b</value>
      </symbol>
      <symbol id="sm-1b3">
         <name>UCB0ADDRX</name>
         <value>0x55c</value>
      </symbol>
      <symbol id="sm-1b4">
         <name>UCB0ADDRX_L</name>
         <value>0x55c</value>
      </symbol>
      <symbol id="sm-1b5">
         <name>UCB0ADDRX_H</name>
         <value>0x55d</value>
      </symbol>
      <symbol id="sm-1b6">
         <name>UCB0ADDMASK</name>
         <value>0x55e</value>
      </symbol>
      <symbol id="sm-1b7">
         <name>UCB0ADDMASK_L</name>
         <value>0x55e</value>
      </symbol>
      <symbol id="sm-1b8">
         <name>UCB0ADDMASK_H</name>
         <value>0x55f</value>
      </symbol>
      <symbol id="sm-1b9">
         <name>UCB0I2CSA</name>
         <value>0x560</value>
      </symbol>
      <symbol id="sm-1ba">
         <name>UCB0I2CSA_L</name>
         <value>0x560</value>
      </symbol>
      <symbol id="sm-1bb">
         <name>UCB0I2CSA_H</name>
         <value>0x561</value>
      </symbol>
      <symbol id="sm-1bc">
         <name>UCB0IE</name>
         <value>0x56a</value>
      </symbol>
      <symbol id="sm-1bd">
         <name>UCB0IE_L</name>
         <value>0x56a</value>
      </symbol>
      <symbol id="sm-1be">
         <name>UCB0IE_H</name>
         <value>0x56b</value>
      </symbol>
      <symbol id="sm-1bf">
         <name>UCB0IFG</name>
         <value>0x56c</value>
      </symbol>
      <symbol id="sm-1c0">
         <name>UCB0IFG_L</name>
         <value>0x56c</value>
      </symbol>
      <symbol id="sm-1c1">
         <name>UCB0IFG_H</name>
         <value>0x56d</value>
      </symbol>
      <symbol id="sm-1c2">
         <name>UCB0IV</name>
         <value>0x56e</value>
      </symbol>
      <symbol id="sm-1c3">
         <name>UCB0IV_L</name>
         <value>0x56e</value>
      </symbol>
      <symbol id="sm-1c4">
         <name>UCB0IV_H</name>
         <value>0x56f</value>
      </symbol>
      <symbol id="sm-1c5">
         <name>__TI_CINIT_Base</name>
         <value>0xf10a</value>
      </symbol>
      <symbol id="sm-1c6">
         <name>__TI_CINIT_Limit</name>
         <value>0xf112</value>
      </symbol>
      <symbol id="sm-1c7">
         <name>__TI_CINIT_Warm</name>
         <value>0xf112</value>
      </symbol>
      <symbol id="sm-1c8">
         <name>__TI_Handler_Table_Base</name>
         <value>0xf106</value>
      </symbol>
      <symbol id="sm-1c9">
         <name>__TI_Handler_Table_Limit</name>
         <value>0xf10a</value>
      </symbol>
      <symbol id="sm-1ca">
         <name>__STACK_SIZE</name>
         <value>0xa0</value>
      </symbol>
      <symbol id="sm-1cb">
         <name>__STACK_END</name>
         <value>0x2400</value>
      </symbol>
      <symbol id="sm-1cc">
         <name>__c_args__</name>
         <value>0xffffffff</value>
      </symbol>
      <symbol id="sm-1cd">
         <name>__TI_pprof_out_hndl</name>
         <value>0xffffffff</value>
      </symbol>
      <symbol id="sm-1ce">
         <name>__TI_prof_data_start</name>
         <value>0xffffffff</value>
      </symbol>
      <symbol id="sm-1cf">
         <name>__TI_prof_data_size</name>
         <value>0xffffffff</value>
      </symbol>
      <symbol id="sm-244">
         <name>adc_sample</name>
         <value>0xf572</value>
         <object_component_ref idref="oc-35b"/>
      </symbol>
      <symbol id="sm-245">
         <name>ADC_ISR</name>
         <value>0xf642</value>
         <object_component_ref idref="oc-26a"/>
      </symbol>
      <symbol id="sm-246">
         <name>__TI_int48</name>
         <value>0xffe8</value>
         <object_component_ref idref="oc-73"/>
      </symbol>
      <symbol id="sm-247">
         <name>adc_init</name>
         <value>0xf358</value>
         <object_component_ref idref="oc-410"/>
      </symbol>
      <symbol id="sm-26e">
         <name>test</name>
         <value>0x2025</value>
      </symbol>
      <symbol id="sm-26f">
         <name>alarm</name>
         <value>0x2024</value>
      </symbol>
      <symbol id="sm-270">
         <name>alarm_loop</name>
         <value>0xf2d6</value>
         <object_component_ref idref="oc-355"/>
      </symbol>
      <symbol id="sm-271">
         <name>alarm_test</name>
         <value>0xf58e</value>
         <object_component_ref idref="oc-342"/>
      </symbol>
      <symbol id="sm-272">
         <name>alarm_off</name>
         <value>0xf588</value>
         <object_component_ref idref="oc-32a"/>
      </symbol>
      <symbol id="sm-273">
         <name>alarm_on</name>
         <value>0xf554</value>
         <object_component_ref idref="oc-331"/>
      </symbol>
      <symbol id="sm-286">
         <name>P1_ISR</name>
         <value>0xf5ea</value>
         <object_component_ref idref="oc-264"/>
      </symbol>
      <symbol id="sm-287">
         <name>__TI_int47</name>
         <value>0xffe6</value>
         <object_component_ref idref="oc-72"/>
      </symbol>
      <symbol id="sm-288">
         <name>button_init</name>
         <value>0xf4b4</value>
         <object_component_ref idref="oc-416"/>
      </symbol>
      <symbol id="sm-2b4">
         <name>buzzer_off</name>
         <value>0xf506</value>
         <object_component_ref idref="oc-3d2"/>
      </symbol>
      <symbol id="sm-2b5">
         <name>__TI_int54</name>
         <value>0xfff4</value>
         <object_component_ref idref="oc-79"/>
      </symbol>
      <symbol id="sm-2b6">
         <name>buzzer_on</name>
         <value>0xf518</value>
         <object_component_ref idref="oc-3de"/>
      </symbol>
      <symbol id="sm-2b7">
         <name>Timer1_B0_ISR</name>
         <value>0xf658</value>
         <object_component_ref idref="oc-276"/>
      </symbol>
      <symbol id="sm-2b8">
         <name>buzzer_status</name>
         <value>0xf5a0</value>
         <object_component_ref idref="oc-3d8"/>
      </symbol>
      <symbol id="sm-2b9">
         <name>buzzer_init</name>
         <value>0xf462</value>
         <object_component_ref idref="oc-40a"/>
      </symbol>
      <symbol id="sm-2d4">
         <name>software_trim</name>
         <value>0xf150</value>
         <object_component_ref idref="oc-3ec"/>
      </symbol>
      <symbol id="sm-2d5">
         <name>clock_1mhz_init</name>
         <value>0xf392</value>
         <object_component_ref idref="oc-3e6"/>
      </symbol>
      <symbol id="sm-2e5">
         <name>led_init</name>
         <value>0xf4de</value>
         <object_component_ref idref="oc-3fe"/>
      </symbol>
      <symbol id="sm-2e6">
         <name>led_off</name>
         <value>0xf4de</value>
         <object_component_ref idref="oc-3fe"/>
      </symbol>
      <symbol id="sm-2e7">
         <name>ir_on</name>
         <value>0xf4ca</value>
         <object_component_ref idref="oc-369"/>
      </symbol>
      <symbol id="sm-314">
         <name>main</name>
         <value>0xf480</value>
         <object_component_ref idref="oc-309"/>
      </symbol>
      <symbol id="sm-315">
         <name>setup</name>
         <value>0xf3be</value>
         <object_component_ref idref="oc-363"/>
      </symbol>
      <symbol id="sm-316">
         <name>button_pressed_callback</name>
         <value>0xf594</value>
         <object_component_ref idref="oc-2cf"/>
      </symbol>
      <symbol id="sm-317">
         <name>button_released_callback</name>
         <value>0xf59a</value>
         <object_component_ref idref="oc-2c9"/>
      </symbol>
      <symbol id="sm-318">
         <name>adc_sample_callback</name>
         <value>0xf53c</value>
         <object_component_ref idref="oc-2d6"/>
      </symbol>
      <symbol id="sm-319">
         <name>timer_500ms_callback</name>
         <value>0xf55e</value>
         <object_component_ref idref="oc-2f5"/>
      </symbol>
      <symbol id="sm-330">
         <name>timer_500ms_enabled</name>
         <value>0x2026</value>
      </symbol>
      <symbol id="sm-331">
         <name>timer_500ms_init</name>
         <value>0xf49c</value>
         <object_component_ref idref="oc-3f8"/>
      </symbol>
      <symbol id="sm-332">
         <name>__TI_int56</name>
         <value>0xfff8</value>
         <object_component_ref idref="oc-7b"/>
      </symbol>
      <symbol id="sm-333">
         <name>Timer0_B0_ISR</name>
         <value>0xf628</value>
         <object_component_ref idref="oc-27c"/>
      </symbol>
      <symbol id="sm-35b">
         <name>rxbuf_size</name>
         <value>0x2022</value>
      </symbol>
      <symbol id="sm-35c">
         <name>rxbuf</name>
         <value>0x2000</value>
      </symbol>
      <symbol id="sm-35d">
         <name>uart_38400bps_init</name>
         <value>0xf412</value>
         <object_component_ref idref="oc-404"/>
      </symbol>
      <symbol id="sm-35e">
         <name>uart_putchar</name>
         <value>0xf548</value>
         <object_component_ref idref="oc-3c9"/>
      </symbol>
      <symbol id="sm-35f">
         <name>__TI_int50</name>
         <value>0xffec</value>
         <object_component_ref idref="oc-75"/>
      </symbol>
      <symbol id="sm-360">
         <name>USCI_A0_ISR</name>
         <value>0xf5ac</value>
         <object_component_ref idref="oc-270"/>
      </symbol>
      <symbol id="sm-361">
         <name>uart_print</name>
         <value>0xf52a</value>
         <object_component_ref idref="oc-3c3"/>
      </symbol>
      <symbol id="sm-376">
         <name>watchdog_enabled</name>
         <value>0x2027</value>
      </symbol>
      <symbol id="sm-377">
         <name>watchdog_init</name>
         <value>0xf4f2</value>
         <object_component_ref idref="oc-3f2"/>
      </symbol>
      <symbol id="sm-378">
         <name>watchdog_clear</name>
         <value>0xf57a</value>
         <object_component_ref idref="oc-2ec"/>
      </symbol>
      <symbol id="sm-3a2">
         <name>uart_newline_callback</name>
         <value>0xf278</value>
         <object_component_ref idref="oc-2e1"/>
      </symbol>
      <symbol id="sm-3a3">
         <name>zigbee_send_alarm</name>
         <value>0xf568</value>
         <object_component_ref idref="oc-3b3"/>
      </symbol>
      <symbol id="sm-3a4">
         <name>zigbee_send</name>
         <value>0xf43c</value>
         <object_component_ref idref="oc-348"/>
      </symbol>
      <symbol id="sm-3a8">
         <name>__TI_int45</name>
         <value>0xffe2</value>
         <object_component_ref idref="oc-70"/>
      </symbol>
      <symbol id="sm-3ab">
         <name>__TI_int46</name>
         <value>0xffe4</value>
         <object_component_ref idref="oc-71"/>
      </symbol>
      <symbol id="sm-3ae">
         <name>__TI_int49</name>
         <value>0xffea</value>
         <object_component_ref idref="oc-74"/>
      </symbol>
      <symbol id="sm-3b1">
         <name>__TI_int51</name>
         <value>0xffee</value>
         <object_component_ref idref="oc-76"/>
      </symbol>
      <symbol id="sm-3b4">
         <name>__TI_int52</name>
         <value>0xfff0</value>
         <object_component_ref idref="oc-77"/>
      </symbol>
      <symbol id="sm-3b7">
         <name>__TI_int53</name>
         <value>0xfff2</value>
         <object_component_ref idref="oc-78"/>
      </symbol>
      <symbol id="sm-3ba">
         <name>__TI_int55</name>
         <value>0xfff6</value>
         <object_component_ref idref="oc-7a"/>
      </symbol>
      <symbol id="sm-3bd">
         <name>__TI_int57</name>
         <value>0xfffa</value>
         <object_component_ref idref="oc-7c"/>
      </symbol>
      <symbol id="sm-3c0">
         <name>__TI_int58</name>
         <value>0xfffc</value>
         <object_component_ref idref="oc-7d"/>
      </symbol>
      <symbol id="sm-3c8">
         <name>__TI_ISR_TRAP</name>
         <value>0xf660</value>
         <object_component_ref idref="oc-25f"/>
      </symbol>
      <symbol id="sm-3d8">
         <name>_stack</name>
         <value>0x2360</value>
         <object_component_ref idref="oc-244"/>
      </symbol>
      <symbol id="sm-3d9">
         <name>_c_int00_noargs</name>
         <value>0xf60c</value>
         <object_component_ref idref="oc-294"/>
      </symbol>
      <symbol id="sm-3da">
         <name>_reset_vector</name>
         <value>0xfffe</value>
         <object_component_ref idref="oc-247"/>
      </symbol>
      <symbol id="sm-3fc">
         <name>__TI_auto_init_nobinit_nopinit_hold_wdt</name>
         <value>0xf20e</value>
         <object_component_ref idref="oc-394"/>
      </symbol>
      <symbol id="sm-40c">
         <name>__TI_zero_init_nomemset</name>
         <value>0xf31a</value>
         <object_component_ref idref="oc-282"/>
      </symbol>
      <symbol id="sm-417">
         <name>_system_pre_init</name>
         <value>0xf5a6</value>
         <object_component_ref idref="oc-303"/>
      </symbol>
      <symbol id="sm-420">
         <name>_system_post_cinit</name>
         <value>0xf5aa</value>
         <object_component_ref idref="oc-430"/>
      </symbol>
      <symbol id="sm-42c">
         <name>C$$EXIT</name>
         <value>0xf582</value>
         <object_component_ref idref="oc-370"/>
      </symbol>
      <symbol id="sm-42d">
         <name>abort</name>
         <value>0xf582</value>
         <object_component_ref idref="oc-370"/>
      </symbol>
      <symbol id="sm-440">
         <name>strncmp</name>
         <value>0xf3e8</value>
         <object_component_ref idref="oc-33c"/>
      </symbol>
   </symbol_table>
   <title>Link successful</title>
</link_info>
